Archive member included because of file (symbol)

c:/freescale/kds_v3/toolchain/bin/../lib/gcc/arm-none-eabi/4.8.4/../../../../arm-none-eabi/lib/armv7e-m/fpu\libm.a(lib_a-s_modf.o)
                              ./utilities/fsl_debug_console.o (modf)
c:/freescale/kds_v3/toolchain/bin/../lib/gcc/arm-none-eabi/4.8.4/../../../../arm-none-eabi/lib/armv7e-m/fpu\libm.a(lib_a-w_pow.o)
                              ./utilities/fsl_debug_console.o (pow)
c:/freescale/kds_v3/toolchain/bin/../lib/gcc/arm-none-eabi/4.8.4/../../../../arm-none-eabi/lib/armv7e-m/fpu\libm.a(lib_a-e_pow.o)
                              c:/freescale/kds_v3/toolchain/bin/../lib/gcc/arm-none-eabi/4.8.4/../../../../arm-none-eabi/lib/armv7e-m/fpu\libm.a(lib_a-w_pow.o) (__ieee754_pow)
c:/freescale/kds_v3/toolchain/bin/../lib/gcc/arm-none-eabi/4.8.4/../../../../arm-none-eabi/lib/armv7e-m/fpu\libm.a(lib_a-e_sqrt.o)
                              c:/freescale/kds_v3/toolchain/bin/../lib/gcc/arm-none-eabi/4.8.4/../../../../arm-none-eabi/lib/armv7e-m/fpu\libm.a(lib_a-e_pow.o) (__ieee754_sqrt)
c:/freescale/kds_v3/toolchain/bin/../lib/gcc/arm-none-eabi/4.8.4/../../../../arm-none-eabi/lib/armv7e-m/fpu\libm.a(lib_a-s_fabs.o)
                              c:/freescale/kds_v3/toolchain/bin/../lib/gcc/arm-none-eabi/4.8.4/../../../../arm-none-eabi/lib/armv7e-m/fpu\libm.a(lib_a-e_pow.o) (fabs)
c:/freescale/kds_v3/toolchain/bin/../lib/gcc/arm-none-eabi/4.8.4/../../../../arm-none-eabi/lib/armv7e-m/fpu\libm.a(lib_a-s_finite.o)
                              c:/freescale/kds_v3/toolchain/bin/../lib/gcc/arm-none-eabi/4.8.4/../../../../arm-none-eabi/lib/armv7e-m/fpu\libm.a(lib_a-w_pow.o) (finite)
c:/freescale/kds_v3/toolchain/bin/../lib/gcc/arm-none-eabi/4.8.4/../../../../arm-none-eabi/lib/armv7e-m/fpu\libm.a(lib_a-s_fpclassify.o)
                              c:/freescale/kds_v3/toolchain/bin/../lib/gcc/arm-none-eabi/4.8.4/../../../../arm-none-eabi/lib/armv7e-m/fpu\libm.a(lib_a-w_pow.o) (__fpclassifyd)
c:/freescale/kds_v3/toolchain/bin/../lib/gcc/arm-none-eabi/4.8.4/../../../../arm-none-eabi/lib/armv7e-m/fpu\libm.a(lib_a-s_lib_ver.o)
                              c:/freescale/kds_v3/toolchain/bin/../lib/gcc/arm-none-eabi/4.8.4/../../../../arm-none-eabi/lib/armv7e-m/fpu\libm.a(lib_a-w_pow.o) (__fdlib_version)
c:/freescale/kds_v3/toolchain/bin/../lib/gcc/arm-none-eabi/4.8.4/../../../../arm-none-eabi/lib/armv7e-m/fpu\libm.a(lib_a-s_matherr.o)
                              c:/freescale/kds_v3/toolchain/bin/../lib/gcc/arm-none-eabi/4.8.4/../../../../arm-none-eabi/lib/armv7e-m/fpu\libm.a(lib_a-w_pow.o) (matherr)
c:/freescale/kds_v3/toolchain/bin/../lib/gcc/arm-none-eabi/4.8.4/../../../../arm-none-eabi/lib/armv7e-m/fpu\libm.a(lib_a-s_nan.o)
                              c:/freescale/kds_v3/toolchain/bin/../lib/gcc/arm-none-eabi/4.8.4/../../../../arm-none-eabi/lib/armv7e-m/fpu\libm.a(lib_a-e_pow.o) (nan)
c:/freescale/kds_v3/toolchain/bin/../lib/gcc/arm-none-eabi/4.8.4/../../../../arm-none-eabi/lib/armv7e-m/fpu\libm.a(lib_a-s_rint.o)
                              c:/freescale/kds_v3/toolchain/bin/../lib/gcc/arm-none-eabi/4.8.4/../../../../arm-none-eabi/lib/armv7e-m/fpu\libm.a(lib_a-w_pow.o) (rint)
c:/freescale/kds_v3/toolchain/bin/../lib/gcc/arm-none-eabi/4.8.4/../../../../arm-none-eabi/lib/armv7e-m/fpu\libm.a(lib_a-s_scalbn.o)
                              c:/freescale/kds_v3/toolchain/bin/../lib/gcc/arm-none-eabi/4.8.4/../../../../arm-none-eabi/lib/armv7e-m/fpu\libm.a(lib_a-e_pow.o) (scalbn)
c:/freescale/kds_v3/toolchain/bin/../lib/gcc/arm-none-eabi/4.8.4/../../../../arm-none-eabi/lib/armv7e-m/fpu\libm.a(lib_a-s_copysign.o)
                              c:/freescale/kds_v3/toolchain/bin/../lib/gcc/arm-none-eabi/4.8.4/../../../../arm-none-eabi/lib/armv7e-m/fpu\libm.a(lib_a-s_scalbn.o) (copysign)
c:/freescale/kds_v3/toolchain/bin/../lib/gcc/arm-none-eabi/4.8.4/../../../../arm-none-eabi/lib/armv7e-m/fpu\libg_s.a(lib_a-errno.o)
                              ./utilities/fsl_sbrk.o (__errno)
c:/freescale/kds_v3/toolchain/bin/../lib/gcc/arm-none-eabi/4.8.4/../../../../arm-none-eabi/lib/armv7e-m/fpu\libg_s.a(lib_a-exit.o)
                              c:/freescale/kds_v3/toolchain/bin/../lib/gcc/arm-none-eabi/4.8.4/../../../../arm-none-eabi/lib/armv7e-m/fpu/crt0.o (exit)
c:/freescale/kds_v3/toolchain/bin/../lib/gcc/arm-none-eabi/4.8.4/../../../../arm-none-eabi/lib/armv7e-m/fpu\libg_s.a(lib_a-impure.o)
                              c:/freescale/kds_v3/toolchain/bin/../lib/gcc/arm-none-eabi/4.8.4/../../../../arm-none-eabi/lib/armv7e-m/fpu\libg_s.a(lib_a-exit.o) (_global_impure_ptr)
c:/freescale/kds_v3/toolchain/bin/../lib/gcc/arm-none-eabi/4.8.4/../../../../arm-none-eabi/lib/armv7e-m/fpu\libg_s.a(lib_a-init.o)
                              c:/freescale/kds_v3/toolchain/bin/../lib/gcc/arm-none-eabi/4.8.4/../../../../arm-none-eabi/lib/armv7e-m/fpu/crt0.o (__libc_init_array)
[...]
Memory Configuration

Name             Origin             Length             Attributes
m_interrupts     0x00000000         0x000003c0         xr
m_bootloader_config 0x000003c0         0x00000040         xr
m_flash_config   0x00000400         0x00000010         xr
m_text           0x00000410         0x0003fbf0         xr
m_data           0x1fff0000         0x00010000         rw
m_data_2         0x20000000         0x00030000         rw
*default*        0x00000000         0xffffffff

Linker script and memory map

LOAD c:/freescale/kds_v3/toolchain/bin/../lib/gcc/arm-none-eabi/4.8.4/armv7e-m/fpu/crti.o
LOAD c:/freescale/kds_v3/toolchain/bin/../lib/gcc/arm-none-eabi/4.8.4/armv7e-m/fpu/crtbegin.o
LOAD c:/freescale/kds_v3/toolchain/bin/../lib/gcc/arm-none-eabi/4.8.4/../../../../arm-none-eabi/lib/armv7e-m/fpu/crt0.o
START GROUP
LOAD ./utilities/fsl_debug_console.o
LOAD ./utilities/fsl_notifier.o
LOAD ./utilities/fsl_sbrk.o
LOAD ./startup/startup_MK82F25615.o
LOAD ./startup/system_MK82F25615.o
LOAD ./sources/main.o
LOAD ./drivers/fsl_adc16.o
LOAD ./drivers/fsl_clock.o
LOAD ./drivers/fsl_cmp.o
LOAD ./drivers/fsl_cmt.o
LOAD ./drivers/fsl_common.o
LOAD ./drivers/fsl_crc.o
LOAD ./drivers/fsl_dac.o
LOAD ./drivers/fsl_dmamux.o
LOAD ./drivers/fsl_dspi.o
LOAD ./drivers/fsl_dspi_edma.o
LOAD ./drivers/fsl_edma.o
LOAD ./drivers/fsl_ewm.o
LOAD ./drivers/fsl_flash.o
LOAD ./drivers/fsl_flexbus.o
LOAD ./drivers/fsl_flexio.o
LOAD ./drivers/fsl_flexio_camera.o
LOAD ./drivers/fsl_flexio_camera_edma.o
LOAD ./drivers/fsl_flexio_i2c_master.o
LOAD ./drivers/fsl_flexio_i2s.o
LOAD ./drivers/fsl_flexio_i2s_edma.o
LOAD ./drivers/fsl_flexio_spi.o
LOAD ./drivers/fsl_flexio_spi_edma.o
LOAD ./drivers/fsl_flexio_uart.o
LOAD ./drivers/fsl_flexio_uart_edma.o
LOAD ./drivers/fsl_ftm.o
LOAD ./drivers/fsl_gpio.o
LOAD ./drivers/fsl_i2c.o
LOAD ./drivers/fsl_i2c_edma.o
LOAD ./drivers/fsl_llwu.o
LOAD ./drivers/fsl_lmem_cache.o
LOAD ./drivers/fsl_lptmr.o
LOAD ./drivers/fsl_lpuart.o
LOAD ./drivers/fsl_lpuart_edma.o
LOAD ./drivers/fsl_ltc.o
LOAD ./drivers/fsl_ltc_edma.o
LOAD ./drivers/fsl_mpu.o
LOAD ./drivers/fsl_pdb.o
LOAD ./drivers/fsl_pit.o
LOAD ./drivers/fsl_pmc.o
LOAD ./drivers/fsl_qspi.o
LOAD ./drivers/fsl_qspi_edma.o
LOAD ./drivers/fsl_rcm.o
LOAD ./drivers/fsl_rtc.o
LOAD ./drivers/fsl_sai.o
LOAD ./drivers/fsl_sai_edma.o
LOAD ./drivers/fsl_sdhc.o
LOAD ./drivers/fsl_sdramc.o
LOAD ./drivers/fsl_sim.o
LOAD ./drivers/fsl_smartcard_emvsim.o
LOAD ./drivers/fsl_smartcard_phy_emvsim.o
LOAD ./drivers/fsl_smartcard_phy_ncn8025.o
LOAD ./drivers/fsl_smc.o
LOAD ./drivers/fsl_tpm.o
LOAD ./drivers/fsl_trng.o
LOAD ./drivers/fsl_tsi_v4.o
LOAD ./drivers/fsl_vref.o
LOAD ./drivers/fsl_wdog.o
LOAD ./board/board.o
LOAD ./board/clock_config.o
LOAD ./board/pin_mux.o
LOAD c:/freescale/kds_v3/toolchain/bin/../lib/gcc/arm-none-eabi/4.8.4/../../../../arm-none-eabi/lib/armv7e-m/fpu\libm.a
LOAD c:/freescale/kds_v3/toolchain/bin/../lib/gcc/arm-none-eabi/4.8.4/../../../../arm-none-eabi/lib/armv7e-m/fpu\libg_s.a
LOAD c:/freescale/kds_v3/toolchain/bin/../lib/gcc/arm-none-eabi/4.8.4/armv7e-m/fpu\libgcc.a
LOAD c:/freescale/kds_v3/toolchain/bin/../lib/gcc/arm-none-eabi/4.8.4/../../../../arm-none-eabi/lib/armv7e-m/fpu\libnosys.a
END GROUP
START GROUP
LOAD c:/freescale/kds_v3/toolchain/bin/../lib/gcc/arm-none-eabi/4.8.4/armv7e-m/fpu\libgcc.a
LOAD c:/freescale/kds_v3/toolchain/bin/../lib/gcc/arm-none-eabi/4.8.4/../../../../arm-none-eabi/lib/armv7e-m/fpu\libg_s.a
LOAD c:/freescale/kds_v3/toolchain/bin/../lib/gcc/arm-none-eabi/4.8.4/../../../../arm-none-eabi/lib/armv7e-m/fpu\libc_s.a
END GROUP
START GROUP
LOAD c:/freescale/kds_v3/toolchain/bin/../lib/gcc/arm-none-eabi/4.8.4/armv7e-m/fpu\libgcc.a
LOAD c:/freescale/kds_v3/toolchain/bin/../lib/gcc/arm-none-eabi/4.8.4/../../../../arm-none-eabi/lib/armv7e-m/fpu\libc_s.a
END GROUP
LOAD c:/freescale/kds_v3/toolchain/bin/../lib/gcc/arm-none-eabi/4.8.4/armv7e-m/fpu/crtend.o
LOAD c:/freescale/kds_v3/toolchain/bin/../lib/gcc/arm-none-eabi/4.8.4/armv7e-m/fpu/crtn.o
                0x00000400                HEAP_SIZE = DEFINED (__heap_size__)?__heap_size__:0x400
                0x00000400                STACK_SIZE = DEFINED (__stack_size__)?__stack_size__:0x400
                0x00000000                M_VECTOR_RAM_SIZE = DEFINED (__ram_vector_table__)?0x3c0:0x0

.interrupts     0x00000000      0x3c0
                0x00000000                __VECTOR_TABLE = .
                0x00000000                . = ALIGN (0x4)
 *(.isr_vector)
 .isr_vector    0x00000000      0x3c0 ./startup/startup_MK82F25615.o
                0x00000000                __isr_vector
                0x000003c0                . = ALIGN (0x4)

.bootloader_config
                0x000003c0        0x0
                0x000003c0                . = ALIGN (0x4)
 *(.BootloaderConfig)
                0x000003c0                . = ALIGN (0x4)

.flash_config   0x00000400       0x10
                0x00000400                . = ALIGN (0x4)
 *(.FlashConfig)
 .FlashConfig   0x00000400       0x10 ./startup/startup_MK82F25615.o
                0x00000410                . = ALIGN (0x4)

.text           0x00000410     0x5720
                0x00000410                . = ALIGN (0x4)
 *(.text)
 .text          0x00000410       0x54 c:/freescale/kds_v3/toolchain/bin/../lib/gcc/arm-none-eabi/4.8.4/armv7e-m/fpu/crtbegin.o
 .text          0x00000464       0x74 c:/freescale/kds_v3/toolchain/bin/../lib/gcc/arm-none-eabi/4.8.4/../../../../arm-none-eabi/lib/armv7e-m/fpu/crt0.o
                0x00000464                _start
                0x00000464                _mainCRTStartup
 .text          0x000004d8      0x180 ./startup/startup_MK82F25615.o
                0x000004d8                Reset_Handler
                0x0000051c                Reserved111_IRQHandler
                0x0000051c                DebugMon_Handler
                0x0000051c                Reserved88_IRQHandler
                0x0000051c                Reserved122_IRQHandler
                0x0000051c                DMA13_DMA29_DriverIRQHandler
                0x0000051c                PIT0CH2_IRQHandler
                0x0000051c                LPTMR0_LPTMR1_IRQHandler
                0x0000051c                Reserved85_IRQHandler
                0x0000051c                DMA_Error_DriverIRQHandler
                0x0000051c                PORTC_IRQHandler
                0x0000051c                Reserved114_IRQHandler
                0x0000051c                Reserved52_IRQHandler
                0x0000051c                CMP0_IRQHandler
                0x0000051c                Reserved93_IRQHandler
                0x0000051c                Reserved89_IRQHandler
                0x0000051c                PIT0CH1_IRQHandler
                0x0000051c                Reserved99_IRQHandler
                0x0000051c                DMA7_DMA23_DriverIRQHandler
                0x0000051c                Reserved119_IRQHandler
                0x0000051c                LLWU_IRQHandler
                0x0000051c                Reserved84_IRQHandler
                0x0000051c                TSI0_IRQHandler
                0x0000051c                DMA15_DMA31_DriverIRQHandler
                0x0000051c                Reserved92_IRQHandler
                0x0000051c                DMA14_DMA30_DriverIRQHandler
                0x0000051c                SWI_IRQHandler
                0x0000051c                ADC0_IRQHandler
                0x0000051c                EMVSIM0_IRQHandler
                0x0000051c                UsageFault_Handler
                0x0000051c                BusFault_Handler
                0x0000051c                CMT_IRQHandler
                0x0000051c                FTM2_IRQHandler
                0x0000051c                QuadSPI0_DriverIRQHandler
                0x0000051c                DMA5_DMA21_DriverIRQHandler
                0x0000051c                DMA0_DMA16_DriverIRQHandler
                0x0000051c                DefaultISR
                0x0000051c                PORTE_IRQHandler
                0x0000051c                DMA2_DMA18_DriverIRQHandler
                0x0000051c                Reserved82_IRQHandler
                0x0000051c                CMP1_IRQHandler
                0x0000051c                Reserved71_IRQHandler
                0x0000051c                PORTD_IRQHandler
                0x0000051c                PORTB_IRQHandler
                0x0000051c                FTM3_IRQHandler
                0x0000051c                TPM2_IRQHandler
                0x0000051c                PIT0CH3_IRQHandler
                0x0000051c                RTC_IRQHandler
                0x0000051c                PDB0_IRQHandler
                0x0000051c                Reserved96_IRQHandler
                0x0000051c                FTM1_IRQHandler
                0x0000051c                DMA12_DMA28_DriverIRQHandler
                0x0000051c                PIT0CH0_IRQHandler
                0x0000051c                Reserved95_IRQHandler
                0x0000051c                Reserved121_IRQHandler
                0x0000051c                FTFA_IRQHandler
                0x0000051c                RTC_Seconds_IRQHandler
                0x0000051c                MCG_IRQHandler
                0x0000051c                DMA10_DMA26_DriverIRQHandler
                0x0000051c                Reserved108_IRQHandler
                0x0000051c                TRNG0_IRQHandler
                0x0000051c                Reserved117_IRQHandler
                0x0000051c                Reserved110_IRQHandler
                0x0000051c                Read_Collision_IRQHandler
                0x0000051c                LTC0_IRQHandler
                0x0000051c                DMA1_DMA17_DriverIRQHandler
                0x0000051c                Reserved98_IRQHandler
                0x0000051c                Reserved102_IRQHandler
                0x0000051c                USBDCD_IRQHandler
                0x0000051c                DMA8_DMA24_DriverIRQHandler
                0x0000051c                DMA6_DMA22_DriverIRQHandler
                0x0000051c                Reserved101_IRQHandler
                0x0000051c                USB0_IRQHandler
                0x0000051c                MCM_IRQHandler
                0x0000051c                PORTA_IRQHandler
                0x0000051c                WDOG_EWM_IRQHandler
                0x0000051c                MemManage_Handler
                0x0000051c                Reserved83_IRQHandler
                0x0000051c                Reserved115_IRQHandler
                0x0000051c                Reserved51_IRQHandler
                0x0000051c                DMA11_DMA27_DriverIRQHandler
                0x0000051c                Reserved109_IRQHandler
                0x0000051c                DMA4_DMA20_DriverIRQHandler
                0x0000051c                DMA9_DMA25_DriverIRQHandler
                0x0000051c                Reserved100_IRQHandler
                0x0000051c                EMVSIM1_IRQHandler
                0x0000051c                Reserved91_IRQHandler
                0x0000051c                FTM0_IRQHandler
                0x0000051c                DAC0_IRQHandler
                0x0000051c                Reserved118_IRQHandler
                0x0000051c                DMA3_DMA19_DriverIRQHandler
                0x0000051c                Reserved94_IRQHandler
                0x0000051c                LVD_LVW_IRQHandler
                0x0000051c                Reserved106_IRQHandler
                0x0000051c                Reserved112_IRQHandler
                0x0000051c                TPM1_IRQHandler
                0x0000051c                Reserved113_IRQHandler
                0x00000520                NMI_Handler
                0x00000524                HardFault_Handler
                0x00000528                SVC_Handler
                0x0000052c                PendSV_Handler
                0x00000530                SysTick_Handler
                0x00000574                DMA_Error_IRQHandler
                0x00000578                I2C0_IRQHandler
                0x0000057c                I2C1_IRQHandler
                0x00000580                SPI0_IRQHandler
                0x00000584                SPI1_IRQHandler
                0x00000588                I2S0_Tx_IRQHandler
                0x0000058c                I2S0_Rx_IRQHandler
                0x00000590                LPUART0_IRQHandler
                0x00000594                LPUART1_IRQHandler
                0x00000598                LPUART2_IRQHandler
                0x0000059c                LPUART3_IRQHandler
                0x000005a0                LPUART4_IRQHandler
                0x000005a4                SPI2_IRQHandler
                0x000005a8                FLEXIO0_IRQHandler
                0x000005ac                I2C2_IRQHandler
                0x000005b0                SDHC_IRQHandler
                0x000005b4                I2C3_IRQHandler
                0x000005b8                QuadSPI0_IRQHandler
 .text          0x00000658      0x370 c:/freescale/kds_v3/toolchain/bin/../lib/gcc/arm-none-eabi/4.8.4/armv7e-m/fpu\libgcc.a(_arm_addsubdf3.o)
                0x00000658                __aeabi_drsub
                0x00000660                __aeabi_dsub
                0x00000660                __subdf3
                0x00000664                __aeabi_dadd
                0x00000664                __adddf3
                0x000008dc                __floatunsidf
                0x000008dc                __aeabi_ui2d
                0x000008fc                __floatsidf
                0x000008fc                __aeabi_i2d
                0x00000920                __aeabi_f2d
                0x00000920                __extendsfdf2
                0x0000095c                __floatundidf
                0x0000095c                __aeabi_ul2d
                0x0000096c                __floatdidf
                0x0000096c                __aeabi_l2d
 .text          0x000009c8      0x424 c:/freescale/kds_v3/toolchain/bin/../lib/gcc/arm-none-eabi/4.8.4/armv7e-m/fpu\libgcc.a(_arm_muldivdf3.o)
                0x000009c8                __aeabi_dmul
                0x000009c8                __muldf3
                0x00000c1c                __divdf3
                0x00000c1c                __aeabi_ddiv
 .text          0x00000dec      0x110 c:/freescale/kds_v3/toolchain/bin/../lib/gcc/arm-none-eabi/4.8.4/armv7e-m/fpu\libgcc.a(_arm_cmpdf2.o)
                0x00000dec                __gtdf2
                0x00000dec                __gedf2
                0x00000df4                __ltdf2
                0x00000df4                __ledf2
                0x00000dfc                __nedf2
                0x00000dfc                __eqdf2
                0x00000dfc                __cmpdf2
                0x00000e78                __aeabi_cdrcmple
                0x00000e88                __aeabi_cdcmpeq
                0x00000e88                __aeabi_cdcmple
                0x00000e98                __aeabi_dcmpeq
                0x00000eac                __aeabi_dcmplt
                0x00000ec0                __aeabi_dcmple
                0x00000ed4                __aeabi_dcmpge
                0x00000ee8                __aeabi_dcmpgt
 .text          0x00000efc       0x50 c:/freescale/kds_v3/toolchain/bin/../lib/gcc/arm-none-eabi/4.8.4/armv7e-m/fpu\libgcc.a(_arm_fixdfsi.o)
                0x00000efc                __aeabi_d2iz
                0x00000efc                __fixdfsi
 .text          0x00000f4c       0x40 c:/freescale/kds_v3/toolchain/bin/../lib/gcc/arm-none-eabi/4.8.4/armv7e-m/fpu\libgcc.a(_arm_fixunsdfsi.o)
                0x00000f4c                __aeabi_d2uiz
                0x00000f4c                __fixunsdfsi
 .text          0x00000f8c       0x38 c:/freescale/kds_v3/toolchain/bin/../lib/gcc/arm-none-eabi/4.8.4/armv7e-m/fpu\libgcc.a(_aeabi_ldivmod.o)
                0x00000f8c                __aeabi_ldivmod
 .text          0x00000fc4       0x2c c:/freescale/kds_v3/toolchain/bin/../lib/gcc/arm-none-eabi/4.8.4/armv7e-m/fpu\libgcc.a(_aeabi_uldivmod.o)
                0x00000fc4                __aeabi_uldivmod
 .text          0x00000ff0       0x30 c:/freescale/kds_v3/toolchain/bin/../lib/gcc/arm-none-eabi/4.8.4/armv7e-m/fpu\libgcc.a(_fixdfdi.o)
                0x00000ff0                __fixdfdi
                0x00000ff0                __aeabi_d2lz
 .text          0x00001020       0x44 c:/freescale/kds_v3/toolchain/bin/../lib/gcc/arm-none-eabi/4.8.4/armv7e-m/fpu\libgcc.a(_fixunsdfdi.o)
                0x00001020                __fixunsdfdi
                0x00001020                __aeabi_d2ulz
 .text          0x00001064       0x60 c:/freescale/kds_v3/toolchain/bin/../lib/gcc/arm-none-eabi/4.8.4/armv7e-m/fpu\libgcc.a(bpabi.o)
                0x00001064                __gnu_ldivmod_helper
                0x00001094                __gnu_uldivmod_helper
 .text          0x000010c4        0x4 c:/freescale/kds_v3/toolchain/bin/../lib/gcc/arm-none-eabi/4.8.4/armv7e-m/fpu\libgcc.a(_dvmd_tls.o)
                0x000010c4                __aeabi_idiv0
                0x000010c4                __aeabi_ldiv0
 .text          0x000010c8      0x298 c:/freescale/kds_v3/toolchain/bin/../lib/gcc/arm-none-eabi/4.8.4/armv7e-m/fpu\libgcc.a(_divdi3.o)
                0x000010c8                __divdi3
 .text          0x00001360      0x284 c:/freescale/kds_v3/toolchain/bin/../lib/gcc/arm-none-eabi/4.8.4/armv7e-m/fpu\libgcc.a(_udivdi3.o)
                0x00001360                __udivdi3
 *(.text*)
 .text.DbgConsole_Putchar
                0x000015e4       0x24 ./utilities/fsl_debug_console.o
                0x000015e4                DbgConsole_Putchar
 .text.DbgConsole_Init
                0x00001608       0x5c ./utilities/fsl_debug_console.o
                0x00001608                DbgConsole_Init
 *fill*         0x00001664        0x4 
 .text.DbgConsole_Printf
                0x00001668      0x868 ./utilities/fsl_debug_console.o
                0x00001668                DbgConsole_Printf
 .text.SystemInit
                0x00001ed0       0x2c ./startup/system_MK82F25615.o
                0x00001ed0                SystemInit
 .text.flexio_i2c_master_callback
                0x00001efc       0x20 ./sources/main.o
 .text.I2C_write_lcd.isra.0
                0x00001f1c       0x70 ./sources/main.o
 .text.delay    0x00001f8c       0x1e ./sources/main.o
                0x00001f8c                delay
 *fill*         0x00001faa        0x2 
 .text.rgb_lcd_init
                0x00001fac       0x78 ./sources/main.o
                0x00001fac                rgb_lcd_init
 .text.rgb_lcd_clear
                0x00002024       0x28 ./sources/main.o
                0x00002024                rgb_lcd_clear
 .text.rgb_lcd_set_cursor
                0x0000204c       0x24 ./sources/main.o
                0x0000204c                rgb_lcd_set_cursor
 .text.rgb_lcd_write
                0x00002070       0x2c ./sources/main.o
                0x00002070                rgb_lcd_write
 .text.rgb_led_init
                0x0000209c       0x68 ./sources/main.o
                0x0000209c                rgb_led_init
 .text.startup.main
                0x00002104       0xb4 ./sources/main.o
                0x00002104                main
 .text.CLOCK_GetOsc0ErClkUndivFreq
                0x000021b8       0x38 ./drivers/fsl_clock.o
                0x000021b8                CLOCK_GetOsc0ErClkUndivFreq
 .text.CLOCK_GetOsc0ErClkFreq
                0x000021f0        0x4 ./drivers/fsl_clock.o
                0x000021f0                CLOCK_GetOsc0ErClkFreq
 .text.CLOCK_SetSimConfig
                0x000021f4       0x50 ./drivers/fsl_clock.o
                0x000021f4                CLOCK_SetSimConfig
 .text.CLOCK_SetExternalRefClkConfig
                0x00002244       0x40 ./drivers/fsl_clock.o
                0x00002244                CLOCK_SetExternalRefClkConfig
 .text.CLOCK_SetInternalRefClkConfig
                0x00002284       0x80 ./drivers/fsl_clock.o
                0x00002284                CLOCK_SetInternalRefClkConfig
 .text.CLOCK_EnablePll0
                0x00002304       0x50 ./drivers/fsl_clock.o
                0x00002304                CLOCK_EnablePll0
 .text.CLOCK_InitOsc0
                0x00002354       0x6c ./drivers/fsl_clock.o
                0x00002354                CLOCK_InitOsc0
 .text.CLOCK_SetPbeMode
                0x000023c0       0x50 ./drivers/fsl_clock.o
                0x000023c0                CLOCK_SetPbeMode
 .text.CLOCK_BootToPeeMode
                0x00002410       0x4c ./drivers/fsl_clock.o
                0x00002410                CLOCK_BootToPeeMode
 .text.__assert_func
                0x0000245c       0x1c ./drivers/fsl_common.o
                0x0000245c                __assert_func
 .text.DSPI_CommonIRQHandler
                0x00002478       0x1c ./drivers/fsl_dspi.o
 .text.SPI0_DriverIRQHandler
                0x00002494       0x34 ./drivers/fsl_dspi.o
                0x00002494                SPI0_DriverIRQHandler
 .text.SPI1_DriverIRQHandler
                0x000024c8       0x34 ./drivers/fsl_dspi.o
                0x000024c8                SPI1_DriverIRQHandler
 .text.SPI2_DriverIRQHandler
                0x000024fc       0x34 ./drivers/fsl_dspi.o
                0x000024fc                SPI2_DriverIRQHandler
 .text.EDMA_GetChannelStatusFlags
                0x00002530       0x50 ./drivers/fsl_edma.o
                0x00002530                EDMA_GetChannelStatusFlags
 .text.EDMA_HandleIRQ
                0x00002580       0x98 ./drivers/fsl_edma.o
                0x00002580                EDMA_HandleIRQ
 .text.DMA0_DMA16_IRQHandler
                0x00002618       0x38 ./drivers/fsl_edma.o
                0x00002618                DMA0_DMA16_IRQHandler
 .text.DMA1_DMA17_IRQHandler
                0x00002650       0x38 ./drivers/fsl_edma.o
                0x00002650                DMA1_DMA17_IRQHandler
 .text.DMA2_DMA18_IRQHandler
                0x00002688       0x38 ./drivers/fsl_edma.o
                0x00002688                DMA2_DMA18_IRQHandler
 .text.DMA3_DMA19_IRQHandler
                0x000026c0       0x38 ./drivers/fsl_edma.o
                0x000026c0                DMA3_DMA19_IRQHandler
 .text.DMA4_DMA20_IRQHandler
                0x000026f8       0x38 ./drivers/fsl_edma.o
                0x000026f8                DMA4_DMA20_IRQHandler
 .text.DMA5_DMA21_IRQHandler
                0x00002730       0x38 ./drivers/fsl_edma.o
                0x00002730                DMA5_DMA21_IRQHandler
 .text.DMA6_DMA22_IRQHandler
                0x00002768       0x38 ./drivers/fsl_edma.o
                0x00002768                DMA6_DMA22_IRQHandler
 .text.DMA7_DMA23_IRQHandler
                0x000027a0       0x38 ./drivers/fsl_edma.o
                0x000027a0                DMA7_DMA23_IRQHandler
 .text.DMA8_DMA24_IRQHandler
                0x000027d8       0x38 ./drivers/fsl_edma.o
                0x000027d8                DMA8_DMA24_IRQHandler
 .text.DMA9_DMA25_IRQHandler
                0x00002810       0x38 ./drivers/fsl_edma.o
                0x00002810                DMA9_DMA25_IRQHandler
 .text.DMA10_DMA26_IRQHandler
                0x00002848       0x38 ./drivers/fsl_edma.o
                0x00002848                DMA10_DMA26_IRQHandler
 .text.DMA11_DMA27_IRQHandler
                0x00002880       0x38 ./drivers/fsl_edma.o
                0x00002880                DMA11_DMA27_IRQHandler
 .text.DMA12_DMA28_IRQHandler
                0x000028b8       0x38 ./drivers/fsl_edma.o
                0x000028b8                DMA12_DMA28_IRQHandler
 .text.DMA13_DMA29_IRQHandler
                0x000028f0       0x38 ./drivers/fsl_edma.o
                0x000028f0                DMA13_DMA29_IRQHandler
 .text.DMA14_DMA30_IRQHandler
                0x00002928       0x38 ./drivers/fsl_edma.o
                0x00002928                DMA14_DMA30_IRQHandler
 .text.DMA15_DMA31_IRQHandler
                0x00002960       0x38 ./drivers/fsl_edma.o
                0x00002960                DMA15_DMA31_IRQHandler
 .text.FLEXIO_Reset
                0x00002998        0xe ./drivers/fsl_flexio.o
                0x00002998                FLEXIO_Reset
 .text.FLEXIO_SetShifterConfig
                0x000029a6       0x6a ./drivers/fsl_flexio.o
                0x000029a6                FLEXIO_SetShifterConfig
 .text.FLEXIO_SetTimerConfig
                0x00002a10       0x9a ./drivers/fsl_flexio.o
                0x00002a10                FLEXIO_SetTimerConfig
 *fill*         0x00002aaa        0x2 
 .text.FLEXIO_RegisterHandleIRQ
                0x00002aac       0x70 ./drivers/fsl_flexio.o
                0x00002aac                FLEXIO_RegisterHandleIRQ
 .text.FLEXIO_CommonIRQHandler
                0x00002b1c       0x30 ./drivers/fsl_flexio.o
                0x00002b1c                FLEXIO_CommonIRQHandler
 .text.FLEXIO0_DriverIRQHandler
                0x00002b4c        0x4 ./drivers/fsl_flexio.o
                0x00002b4c                FLEXIO0_DriverIRQHandler
 .text.FLEXIO_I2C_MasterInit
                0x00002b50      0x190 ./drivers/fsl_flexio_i2c_master.o
                0x00002b50                FLEXIO_I2C_MasterInit
 .text.FLEXIO_I2C_MasterGetDefaultConfig
                0x00002ce0       0x34 ./drivers/fsl_flexio_i2c_master.o
                0x00002ce0                FLEXIO_I2C_MasterGetDefaultConfig
 .text.FLEXIO_I2C_MasterGetStatusFlags
                0x00002d14       0x34 ./drivers/fsl_flexio_i2c_master.o
                0x00002d14                FLEXIO_I2C_MasterGetStatusFlags
 .text.FLEXIO_I2C_MasterClearStatusFlags
                0x00002d48       0x34 ./drivers/fsl_flexio_i2c_master.o
                0x00002d48                FLEXIO_I2C_MasterClearStatusFlags
 .text.FLEXIO_I2C_MasterEnableInterrupts
                0x00002d7c       0x2c ./drivers/fsl_flexio_i2c_master.o
                0x00002d7c                FLEXIO_I2C_MasterEnableInterrupts
 .text.FLEXIO_I2C_MasterDisableInterrupts
                0x00002da8       0x30 ./drivers/fsl_flexio_i2c_master.o
                0x00002da8                FLEXIO_I2C_MasterDisableInterrupts
 .text.FLEXIO_I2C_MasterSetTransferCount
                0x00002dd8       0x44 ./drivers/fsl_flexio_i2c_master.o
                0x00002dd8                FLEXIO_I2C_MasterSetTransferCount
 .text.FLEXIO_I2C_MasterStart
                0x00002e1c       0x16 ./drivers/fsl_flexio_i2c_master.o
                0x00002e1c                FLEXIO_I2C_MasterStart
 .text.FLEXIO_I2C_MasterStop
                0x00002e32       0x18 ./drivers/fsl_flexio_i2c_master.o
                0x00002e32                FLEXIO_I2C_MasterStop
 .text.FLEXIO_I2C_MasterAbortStop
                0x00002e4a       0x1a ./drivers/fsl_flexio_i2c_master.o
                0x00002e4a                FLEXIO_I2C_MasterAbortStop
 .text.FLEXIO_I2C_MasterEnableAck
                0x00002e64       0x22 ./drivers/fsl_flexio_i2c_master.o
                0x00002e64                FLEXIO_I2C_MasterEnableAck
 .text.FLEXIO_I2C_MasterTransferHandleIRQ
                0x00002e86      0x1fe ./drivers/fsl_flexio_i2c_master.o
                0x00002e86                FLEXIO_I2C_MasterTransferHandleIRQ
 .text.FLEXIO_I2C_MasterTransferCreateHandle
                0x00003084       0x50 ./drivers/fsl_flexio_i2c_master.o
                0x00003084                FLEXIO_I2C_MasterTransferCreateHandle
 .text.FLEXIO_I2C_MasterTransferNonBlocking
                0x000030d4       0xcc ./drivers/fsl_flexio_i2c_master.o
                0x000030d4                FLEXIO_I2C_MasterTransferNonBlocking
 .text.I2C_TransferCommonIRQHandler
                0x000031a0       0x30 ./drivers/fsl_i2c.o
 .text.I2C0_DriverIRQHandler
                0x000031d0       0x14 ./drivers/fsl_i2c.o
                0x000031d0                I2C0_DriverIRQHandler
 .text.I2C1_DriverIRQHandler
                0x000031e4       0x14 ./drivers/fsl_i2c.o
                0x000031e4                I2C1_DriverIRQHandler
 .text.I2C2_DriverIRQHandler
                0x000031f8       0x14 ./drivers/fsl_i2c.o
                0x000031f8                I2C2_DriverIRQHandler
 .text.I2C3_DriverIRQHandler
                0x0000320c       0x14 ./drivers/fsl_i2c.o
                0x0000320c                I2C3_DriverIRQHandler
 .text.LPUART_GetInstance
                0x00003220       0x58 ./drivers/fsl_lpuart.o
                0x00003220                LPUART_GetInstance
 .text.LPUART_Init
                0x00003278      0x1e0 ./drivers/fsl_lpuart.o
                0x00003278                LPUART_Init
 .text.LPUART_GetDefaultConfig
                0x00003458       0x34 ./drivers/fsl_lpuart.o
                0x00003458                LPUART_GetDefaultConfig
 .text.LPUART_GetStatusFlags
                0x0000348c        0xe ./drivers/fsl_lpuart.o
                0x0000348c                LPUART_GetStatusFlags
 *fill*         0x0000349a        0x2 
 .text.LPUART_ClearStatusFlags
                0x0000349c       0x44 ./drivers/fsl_lpuart.o
                0x0000349c                LPUART_ClearStatusFlags
 .text.LPUART_WriteBlocking
                0x000034e0       0x16 ./drivers/fsl_lpuart.o
                0x000034e0                LPUART_WriteBlocking
 .text.LPUART_ReadBlocking
                0x000034f6       0x74 ./drivers/fsl_lpuart.o
                0x000034f6                LPUART_ReadBlocking
 *fill*         0x0000356a        0x2 
 .text.LPUART0_DriverIRQHandler
                0x0000356c       0x1c ./drivers/fsl_lpuart.o
                0x0000356c                LPUART0_DriverIRQHandler
 .text.LPUART1_DriverIRQHandler
                0x00003588       0x1c ./drivers/fsl_lpuart.o
                0x00003588                LPUART1_DriverIRQHandler
 .text.LPUART2_DriverIRQHandler
                0x000035a4       0x1c ./drivers/fsl_lpuart.o
                0x000035a4                LPUART2_DriverIRQHandler
 .text.LPUART3_DriverIRQHandler
                0x000035c0       0x1c ./drivers/fsl_lpuart.o
                0x000035c0                LPUART3_DriverIRQHandler
 .text.LPUART4_DriverIRQHandler
                0x000035dc       0x1c ./drivers/fsl_lpuart.o
                0x000035dc                LPUART4_DriverIRQHandler
 .text.SAI_TransferAbortSend
                0x000035f8       0x54 ./drivers/fsl_sai.o
                0x000035f8                SAI_TransferAbortSend
 .text.SAI_TransferAbortReceive
                0x0000364c       0x5c ./drivers/fsl_sai.o
                0x0000364c                SAI_TransferAbortReceive
 .text.SAI_TransferTxHandleIRQ
                0x000036a8      0x13c ./drivers/fsl_sai.o
                0x000036a8                SAI_TransferTxHandleIRQ
 .text.SAI_TransferRxHandleIRQ
                0x000037e4      0x138 ./drivers/fsl_sai.o
                0x000037e4                SAI_TransferRxHandleIRQ
 .text.I2S0_Tx_DriverIRQHandler
                0x0000391c       0x34 ./drivers/fsl_sai.o
                0x0000391c                I2S0_Tx_DriverIRQHandler
 .text.I2S0_Rx_DriverIRQHandler
                0x00003950       0x34 ./drivers/fsl_sai.o
                0x00003950                I2S0_Rx_DriverIRQHandler
 .text.SDHC_ReceiveCommandResponse
                0x00003984       0x58 ./drivers/fsl_sdhc.o
 .text.SDHC_ReadDataPort
                0x000039dc       0x50 ./drivers/fsl_sdhc.o
 .text.SDHC_WriteDataPort
                0x00003a2c       0x54 ./drivers/fsl_sdhc.o
 .text.SDHC_TransferHandleIRQ
                0x00003a80      0x100 ./drivers/fsl_sdhc.o
                0x00003a80                SDHC_TransferHandleIRQ
 .text.SDHC_DriverIRQHandler
                0x00003b80       0x34 ./drivers/fsl_sdhc.o
                0x00003b80                SDHC_DriverIRQHandler
 .text.BOARD_InitDebugConsole
                0x00003bb4       0x34 ./board/board.o
                0x00003bb4                BOARD_InitDebugConsole
 .text.BOARD_BootClockRUN
                0x00003be8       0x5c ./board/clock_config.o
                0x00003be8                BOARD_BootClockRUN
 .text.BOARD_InitPins
                0x00003c44       0x40 ./board/pin_mux.o
                0x00003c44                BOARD_InitPins
 .text.modf     0x00003c84       0xa4 c:/freescale/kds_v3/toolchain/bin/../lib/gcc/arm-none-eabi/4.8.4/../../../../arm-none-eabi/lib/armv7e-m/fpu\libm.a(lib_a-s_modf.o)
                0x00003c84                modf
 .text.pow      0x00003d28      0x340 c:/freescale/kds_v3/toolchain/bin/../lib/gcc/arm-none-eabi/4.8.4/../../../../arm-none-eabi/lib/armv7e-m/fpu\libm.a(lib_a-w_pow.o)
                0x00003d28                pow
 .text.__ieee754_pow
                0x00004068      0xae8 c:/freescale/kds_v3/toolchain/bin/../lib/gcc/arm-none-eabi/4.8.4/../../../../arm-none-eabi/lib/armv7e-m/fpu\libm.a(lib_a-e_pow.o)
                0x00004068                __ieee754_pow
 .text.__ieee754_sqrt
                0x00004b50      0x198 c:/freescale/kds_v3/toolchain/bin/../lib/gcc/arm-none-eabi/4.8.4/../../../../arm-none-eabi/lib/armv7e-m/fpu\libm.a(lib_a-e_sqrt.o)
                0x00004b50                __ieee754_sqrt
 .text.fabs     0x00004ce8       0x14 c:/freescale/kds_v3/toolchain/bin/../lib/gcc/arm-none-eabi/4.8.4/../../../../arm-none-eabi/lib/armv7e-m/fpu\libm.a(lib_a-s_fabs.o)
                0x00004ce8                fabs
 .text.finite   0x00004cfc       0x10 c:/freescale/kds_v3/toolchain/bin/../lib/gcc/arm-none-eabi/4.8.4/../../../../arm-none-eabi/lib/armv7e-m/fpu\libm.a(lib_a-s_finite.o)
                0x00004cfc                finite
 .text.__fpclassifyd
                0x00004d0c       0x54 c:/freescale/kds_v3/toolchain/bin/../lib/gcc/arm-none-eabi/4.8.4/../../../../arm-none-eabi/lib/armv7e-m/fpu\libm.a(lib_a-s_fpclassify.o)
                0x00004d0c                __fpclassifyd
 .text.matherr  0x00004d60        0x4 c:/freescale/kds_v3/toolchain/bin/../lib/gcc/arm-none-eabi/4.8.4/../../../../arm-none-eabi/lib/armv7e-m/fpu\libm.a(lib_a-s_matherr.o)
                0x00004d60                matherr
 *fill*         0x00004d64        0x4 
 .text.nan      0x00004d68       0x10 c:/freescale/kds_v3/toolchain/bin/../lib/gcc/arm-none-eabi/4.8.4/../../../../arm-none-eabi/lib/armv7e-m/fpu\libm.a(lib_a-s_nan.o)
                0x00004d68                nan
 .text.rint     0x00004d78      0x120 c:/freescale/kds_v3/toolchain/bin/../lib/gcc/arm-none-eabi/4.8.4/../../../../arm-none-eabi/lib/armv7e-m/fpu\libm.a(lib_a-s_rint.o)
                0x00004d78                rint
 .text.scalbn   0x00004e98      0x120 c:/freescale/kds_v3/toolchain/bin/../lib/gcc/arm-none-eabi/4.8.4/../../../../arm-none-eabi/lib/armv7e-m/fpu\libm.a(lib_a-s_scalbn.o)
                0x00004e98                scalbn
 .text.copysign
                0x00004fb8       0x24 c:/freescale/kds_v3/toolchain/bin/../lib/gcc/arm-none-eabi/4.8.4/../../../../arm-none-eabi/lib/armv7e-m/fpu\libm.a(lib_a-s_copysign.o)
                0x00004fb8                copysign
 .text.__errno  0x00004fdc        0xc c:/freescale/kds_v3/toolchain/bin/../lib/gcc/arm-none-eabi/4.8.4/../../../../arm-none-eabi/lib/armv7e-m/fpu\libg_s.a(lib_a-errno.o)
                0x00004fdc                __errno
 .text.exit     0x00004fe8       0x28 c:/freescale/kds_v3/toolchain/bin/../lib/gcc/arm-none-eabi/4.8.4/../../../../arm-none-eabi/lib/armv7e-m/fpu\libg_s.a(lib_a-exit.o)
                0x00004fe8                exit
 .text.__libc_init_array
                0x00005010       0x4c c:/freescale/kds_v3/toolchain/bin/../lib/gcc/arm-none-eabi/4.8.4/../../../../arm-none-eabi/lib/armv7e-m/fpu\libg_s.a(lib_a-init.o)
                0x00005010                __libc_init_array
 .text.memset   0x0000505c       0x10 c:/freescale/kds_v3/toolchain/bin/../lib/gcc/arm-none-eabi/4.8.4/../../../../arm-none-eabi/lib/armv7e-m/fpu\libg_s.a(lib_a-memset.o)
                0x0000505c                memset
 .text.strlen   0x0000506c       0x10 c:/freescale/kds_v3/toolchain/bin/../lib/gcc/arm-none-eabi/4.8.4/../../../../arm-none-eabi/lib/armv7e-m/fpu\libg_s.a(lib_a-strlen.o)
                0x0000506c                strlen
 .text._exit    0x0000507c        0x4 c:/freescale/kds_v3/toolchain/bin/../lib/gcc/arm-none-eabi/4.8.4/../../../../arm-none-eabi/lib/armv7e-m/fpu\libnosys.a(_exit.o)
                0x0000507c                _exit
 *(.rodata)
 *(.rodata*)
 .rodata.str1.1
                0x00005080       0x14 ./sources/main.o
 .rodata.__func__.6819
                0x00005094       0x11 ./drivers/fsl_clock.o
 .rodata.__func__.6666
                0x000050a5       0x1c ./drivers/fsl_clock.o
 .rodata.str1.1
                0x000050c1       0x6d ./drivers/fsl_clock.o
 .rodata.__func__.7015
                0x0000512e       0x14 ./drivers/fsl_clock.o
 .rodata.str1.1
                0x00005142       0x3e ./drivers/fsl_common.o
 .rodata.__func__.7273
                0x00005180       0x16 ./drivers/fsl_dspi.o
 .rodata.str1.1
                0x00005196       0xc2 ./drivers/fsl_dspi.o
                                 0xcb (size before relaxing)
 .rodata.__func__.7281
                0x00005258       0x16 ./drivers/fsl_dspi.o
 .rodata.__func__.7277
                0x0000526e       0x16 ./drivers/fsl_dspi.o
 .rodata.__func__.7021
                0x00005284       0x1b ./drivers/fsl_edma.o
 .rodata.__func__.7107
                0x0000529f        0xf ./drivers/fsl_edma.o
 .rodata.str1.1
                0x000052ae      0x253 ./drivers/fsl_edma.o
 .rodata.str1.1
                0x00005501       0x80 ./drivers/fsl_flexio.o
                                 0x87 (size before relaxing)
 .rodata.__func__.6874
                0x00005581       0x19 ./drivers/fsl_flexio.o
 .rodata.__func__.7109
                0x0000559a       0x26 ./drivers/fsl_flexio_i2c_master.o
 .rodata.str1.1
                0x000055c0       0x8f ./drivers/fsl_flexio_i2c_master.o
                                 0xa3 (size before relaxing)
 .rodata.__func__.7015
                0x0000564f       0x16 ./drivers/fsl_flexio_i2c_master.o
 .rodata.__func__.7025
                0x00005665       0x22 ./drivers/fsl_flexio_i2c_master.o
 .rodata.__func__.7116
                0x00005687       0x25 ./drivers/fsl_flexio_i2c_master.o
 .rodata.__func__.6815
                0x000056ac       0x13 ./drivers/fsl_lpuart.o
 .rodata.str1.1
                0x000056bf       0xf4 ./drivers/fsl_lpuart.o
                                0x102 (size before relaxing)
 .rodata.__func__.6849
                0x000057b3        0xc ./drivers/fsl_lpuart.o
 *fill*         0x000057bf        0x1 
 .rodata.s_lpuartClock
                0x000057c0       0x14 ./drivers/fsl_lpuart.o
 .rodata.__func__.6874
                0x000057d4       0x18 ./drivers/fsl_lpuart.o
 .rodata.__func__.7149
                0x000057ec       0x19 ./drivers/fsl_sai.o
 .rodata.__func__.7145
                0x00005805       0x19 ./drivers/fsl_sai.o
 .rodata.__func__.7120
                0x0000581e       0x16 ./drivers/fsl_sai.o
 .rodata.str1.1
                0x00005834       0x94 ./drivers/fsl_sai.o
                                 0x9b (size before relaxing)
 .rodata.__func__.7130
                0x000058c8       0x18 ./drivers/fsl_sai.o
 .rodata.__func__.7125
                0x000058e0       0x19 ./drivers/fsl_sai.o
 .rodata.__func__.7138
                0x000058f9       0x18 ./drivers/fsl_sai.o
 .rodata.__func__.7098
                0x00005911       0x12 ./drivers/fsl_sdhc.o
 .rodata.__func__.7336
                0x00005923       0x17 ./drivers/fsl_sdhc.o
 .rodata.__func__.7341
                0x0000593a       0x16 ./drivers/fsl_sdhc.o
 .rodata.str1.1
                0x00005950      0x106 ./drivers/fsl_sdhc.o
                                0x12a (size before relaxing)
 .rodata.__func__.7125
                0x00005a56       0x13 ./drivers/fsl_sdhc.o
 .rodata.__func__.7199
                0x00005a69       0x18 ./drivers/fsl_sdhc.o
 .rodata.__func__.7089
                0x00005a81       0x1c ./drivers/fsl_sdhc.o
 *fill*         0x00005a9d        0x3 
 .rodata.g_defaultClockConfigRun
                0x00005aa0       0x20 ./board/clock_config.o
                0x00005aa0                g_defaultClockConfigRun
 .rodata.str1.4
                0x00005ac0        0x4 c:/freescale/kds_v3/toolchain/bin/../lib/gcc/arm-none-eabi/4.8.4/../../../../arm-none-eabi/lib/armv7e-m/fpu\libm.a(lib_a-w_pow.o)
 *fill*         0x00005ac4        0x4 
 .rodata.dp_h   0x00005ac8       0x10 c:/freescale/kds_v3/toolchain/bin/../lib/gcc/arm-none-eabi/4.8.4/../../../../arm-none-eabi/lib/armv7e-m/fpu\libm.a(lib_a-e_pow.o)
 .rodata.dp_l   0x00005ad8       0x10 c:/freescale/kds_v3/toolchain/bin/../lib/gcc/arm-none-eabi/4.8.4/../../../../arm-none-eabi/lib/armv7e-m/fpu\libm.a(lib_a-e_pow.o)
 .rodata.bp     0x00005ae8       0x10 c:/freescale/kds_v3/toolchain/bin/../lib/gcc/arm-none-eabi/4.8.4/../../../../arm-none-eabi/lib/armv7e-m/fpu\libm.a(lib_a-e_pow.o)
 .rodata.str1.4
                0x00005af8        0x4 c:/freescale/kds_v3/toolchain/bin/../lib/gcc/arm-none-eabi/4.8.4/../../../../arm-none-eabi/lib/armv7e-m/fpu\libm.a(lib_a-e_pow.o)
 *fill*         0x00005afc        0x4 
 .rodata.TWO52  0x00005b00       0x10 c:/freescale/kds_v3/toolchain/bin/../lib/gcc/arm-none-eabi/4.8.4/../../../../arm-none-eabi/lib/armv7e-m/fpu\libm.a(lib_a-s_rint.o)
 .rodata.str1.1
                0x00005b10        0x2 c:/freescale/kds_v3/toolchain/bin/../lib/gcc/arm-none-eabi/4.8.4/../../../../arm-none-eabi/lib/armv7e-m/fpu\libg_s.a(lib_a-impure.o)
 *fill*         0x00005b12        0x2 
 .rodata._global_impure_ptr
                0x00005b14        0x4 c:/freescale/kds_v3/toolchain/bin/../lib/gcc/arm-none-eabi/4.8.4/../../../../arm-none-eabi/lib/armv7e-m/fpu\libg_s.a(lib_a-impure.o)
                0x00005b14                _global_impure_ptr
 *(.glue_7)
 .glue_7        0x00000000        0x0 linker stubs
 *(.glue_7t)
 .glue_7t       0x00000000        0x0 linker stubs
 *(.eh_frame)
 .eh_frame      0x00005b18        0x0 c:/freescale/kds_v3/toolchain/bin/../lib/gcc/arm-none-eabi/4.8.4/armv7e-m/fpu/crtbegin.o
 *(.init)
 .init          0x00005b18        0x4 c:/freescale/kds_v3/toolchain/bin/../lib/gcc/arm-none-eabi/4.8.4/armv7e-m/fpu/crti.o
                0x00005b18                _init
 .init          0x00005b1c        0x8 c:/freescale/kds_v3/toolchain/bin/../lib/gcc/arm-none-eabi/4.8.4/armv7e-m/fpu/crtn.o
 *(.fini)
 .fini          0x00005b24        0x4 c:/freescale/kds_v3/toolchain/bin/../lib/gcc/arm-none-eabi/4.8.4/armv7e-m/fpu/crti.o
                0x00005b24                _fini
 .fini          0x00005b28        0x8 c:/freescale/kds_v3/toolchain/bin/../lib/gcc/arm-none-eabi/4.8.4/armv7e-m/fpu/crtn.o
                0x00005b30                . = ALIGN (0x4)

.vfp11_veneer   0x00005b30        0x0
 .vfp11_veneer  0x00000000        0x0 linker stubs

.v4_bx          0x00005b30        0x0
 .v4_bx         0x00000000        0x0 linker stubs

.iplt           0x00005b30        0x0
 .iplt          0x00000000        0x0 c:/freescale/kds_v3/toolchain/bin/../lib/gcc/arm-none-eabi/4.8.4/armv7e-m/fpu/crtbegin.o

.ARM.extab
 *(.ARM.extab* .gnu.linkonce.armextab.*)

.ARM            0x00005b30        0x8
                0x00005b30                __exidx_start = .
 *(.ARM.exidx*)
 .ARM.exidx     0x00005b30        0x8 c:/freescale/kds_v3/toolchain/bin/../lib/gcc/arm-none-eabi/4.8.4/../../../../arm-none-eabi/lib/armv7e-m/fpu/crt0.o
 .ARM.exidx     0x00005b38        0x0 c:/freescale/kds_v3/toolchain/bin/../lib/gcc/arm-none-eabi/4.8.4/armv7e-m/fpu\libgcc.a(_divdi3.o)
                                  0x8 (size before relaxing)
 .ARM.exidx     0x00005b38        0x0 c:/freescale/kds_v3/toolchain/bin/../lib/gcc/arm-none-eabi/4.8.4/armv7e-m/fpu\libgcc.a(_udivdi3.o)
                                  0x8 (size before relaxing)
                0x00005b38                __exidx_end = .

.rel.dyn        0x00005b38        0x0
 .rel.iplt      0x00000000        0x0 c:/freescale/kds_v3/toolchain/bin/../lib/gcc/arm-none-eabi/4.8.4/armv7e-m/fpu/crtbegin.o

.ctors          0x00005b38        0x0
                0x00005b38                __CTOR_LIST__ = .
 *crtbegin.o(.ctors)
 *crtbegin?.o(.ctors)
 *(EXCLUDE_FILE(*crtend.o *crtend?.o) .ctors)
 *(SORT(.ctors.*))
 *(.ctors)
                0x00005b38                __CTOR_END__ = .

.dtors          0x00005b38        0x0
                0x00005b38                __DTOR_LIST__ = .
 *crtbegin.o(.dtors)
 *crtbegin?.o(.dtors)
 *(EXCLUDE_FILE(*crtend.o *crtend?.o) .dtors)
 *(SORT(.dtors.*))
 *(.dtors)
                0x00005b38                __DTOR_END__ = .

.preinit_array  0x00005b38        0x0
                0x00005b38                PROVIDE (__preinit_array_start, .)
 *(.preinit_array*)
                0x00005b38                PROVIDE (__preinit_array_end, .)

.init_array     0x00005b38        0x4
                0x00005b38                PROVIDE (__init_array_start, .)
 *(SORT(.init_array.*))
 *(.init_array*)
 .init_array    0x00005b38        0x4 c:/freescale/kds_v3/toolchain/bin/../lib/gcc/arm-none-eabi/4.8.4/armv7e-m/fpu/crtbegin.o
                0x00005b3c                PROVIDE (__init_array_end, .)

.fini_array     0x00005b3c        0x4
                0x00005b3c                PROVIDE (__fini_array_start, .)
 *(SORT(.fini_array.*))
 *(.fini_array*)
 .fini_array    0x00005b3c        0x4 c:/freescale/kds_v3/toolchain/bin/../lib/gcc/arm-none-eabi/4.8.4/armv7e-m/fpu/crtbegin.o
                0x00005b40                PROVIDE (__fini_array_end, .)
                0x00005b40                __etext = .
                0x00005b40                __DATA_ROM = .

.interrupts_ram
                0x1fff0000        0x0
                0x1fff0000                . = ALIGN (0x4)
                0x1fff0000                __VECTOR_RAM__ = .
                0x1fff0000                __interrupts_ram_start__ = .
 *(.m_interrupts_ram)
                0x1fff0000                . = (. + M_VECTOR_RAM_SIZE)
                0x1fff0000                . = ALIGN (0x4)
                0x1fff0000                __interrupts_ram_end__ = .
                0x00000000                __VECTOR_RAM = DEFINED (__ram_vector_table__)?__VECTOR_RAM__:ORIGIN (m_interrupts)
                0x00000000                __RAM_VECTOR_TABLE_SIZE_BYTES = DEFINED (__ram_vector_table__)?(__interrupts_ram_end__ - __interrupts_ram_start__):0x0

.data           0x1fff0000       0x70 load address 0x00005b40
                0x1fff0000                . = ALIGN (0x4)
                0x1fff0000                __DATA_RAM = .
                0x1fff0000                __data_start__ = .
 *(.data)
 *(.data*)
 .data.SystemCoreClock
                0x1fff0000        0x4 ./startup/system_MK82F25615.o
                0x1fff0000                SystemCoreClock
 .data.__fdlib_version
                0x1fff0004        0x1 c:/freescale/kds_v3/toolchain/bin/../lib/gcc/arm-none-eabi/4.8.4/../../../../arm-none-eabi/lib/armv7e-m/fpu\libm.a(lib_a-s_lib_ver.o)
                0x1fff0004                __fdlib_version
 *fill*         0x1fff0005        0x3 
 .data.impure_data
                0x1fff0008       0x60 c:/freescale/kds_v3/toolchain/bin/../lib/gcc/arm-none-eabi/4.8.4/../../../../arm-none-eabi/lib/armv7e-m/fpu\libg_s.a(lib_a-impure.o)
 .data._impure_ptr
                0x1fff0068        0x4 c:/freescale/kds_v3/toolchain/bin/../lib/gcc/arm-none-eabi/4.8.4/../../../../arm-none-eabi/lib/armv7e-m/fpu\libg_s.a(lib_a-impure.o)
                0x1fff0068                _impure_ptr
 *(.jcr*)
 .jcr           0x1fff006c        0x0 c:/freescale/kds_v3/toolchain/bin/../lib/gcc/arm-none-eabi/4.8.4/armv7e-m/fpu/crtbegin.o
 .jcr           0x1fff006c        0x4 c:/freescale/kds_v3/toolchain/bin/../lib/gcc/arm-none-eabi/4.8.4/armv7e-m/fpu/crtend.o
                0x1fff0070                . = ALIGN (0x4)
                0x1fff0070                __data_end__ = .
                0x00005bb0                __DATA_END = (__DATA_ROM + (__data_end__ - __data_start__))
                0x00040000                text_end = (ORIGIN (m_text) + 0x3fbf0)
                0x00000001                ASSERT ((__DATA_END <= text_end), region m_text overflowed with text and data)
                0x00000800                USB_RAM_GAP = DEFINED (__usb_ram_size__)?__usb_ram_size__:0x800

.igot.plt       0x1fff0070        0x0 load address 0x00005bb0
 .igot.plt      0x00000000        0x0 c:/freescale/kds_v3/toolchain/bin/../lib/gcc/arm-none-eabi/4.8.4/armv7e-m/fpu/crtbegin.o

.bss            0x1fff0070      0x990 load address 0x00005bb0
                0x1fff0070                . = ALIGN (0x4)
                0x1fff0070                __START_BSS = .
                0x1fff0070                __bss_start__ = .
 *(.bss)
 .bss           0x1fff0070       0x1c c:/freescale/kds_v3/toolchain/bin/../lib/gcc/arm-none-eabi/4.8.4/armv7e-m/fpu/crtbegin.o
 *(.bss*)
 .bss.s_debugConsole
                0x1fff008c       0x10 ./utilities/fsl_debug_console.o
 .bss.data_reg  0x1fff009c        0x1 ./sources/main.o
                0x1fff009c                data_reg
 *fill*         0x1fff009d        0x3 
 .bss.g_m_handle
                0x1fff00a0       0x28 ./sources/main.o
                0x1fff00a0                g_m_handle
 .bss.completionFlag
                0x1fff00c8        0x1 ./sources/main.o
                0x1fff00c8                completionFlag
 .bss.command_reg
                0x1fff00c9        0x1 ./sources/main.o
                0x1fff00c9                command_reg
 .bss.command   0x1fff00ca        0x1 ./sources/main.o
                0x1fff00ca                command
 .bss.nakFlag   0x1fff00cb        0x1 ./sources/main.o
                0x1fff00cb                nakFlag
 .bss.i2cDev    0x1fff00cc        0xc ./sources/main.o
                0x1fff00cc                i2cDev
 .bss.g_xtal0Freq
                0x1fff00d8        0x4 ./drivers/fsl_clock.o
                0x1fff00d8                g_xtal0Freq
 .bss.g_dspiHandle
                0x1fff00dc        0xc ./drivers/fsl_dspi.o
 .bss.s_dspiMasterIsr
                0x1fff00e8        0x4 ./drivers/fsl_dspi.o
 .bss.s_dspiSlaveIsr
                0x1fff00ec        0x4 ./drivers/fsl_dspi.o
 .bss.s_EDMAHandle
                0x1fff00f0       0x80 ./drivers/fsl_edma.o
 .bss.s_flexioHandle
                0x1fff0170        0x8 ./drivers/fsl_flexio.o
 .bss.s_flexioType
                0x1fff0178        0x8 ./drivers/fsl_flexio.o
 .bss.s_flexioIsr
                0x1fff0180        0x8 ./drivers/fsl_flexio.o
 .bss.s_i2cHandle
                0x1fff0188       0x10 ./drivers/fsl_i2c.o
 .bss.s_i2cMasterIsr
                0x1fff0198        0x4 ./drivers/fsl_i2c.o
 .bss.s_i2cSlaveIsr
                0x1fff019c        0x4 ./drivers/fsl_i2c.o
 .bss.s_lpuartHandle
                0x1fff01a0       0x14 ./drivers/fsl_lpuart.o
 .bss.s_lpuartIsr
                0x1fff01b4        0x4 ./drivers/fsl_lpuart.o
 .bss.s_saiHandle
                0x1fff01b8        0x8 ./drivers/fsl_sai.o
                0x1fff01b8                s_saiHandle
 .bss.s_sdhcHandle
                0x1fff01c0        0x4 ./drivers/fsl_sdhc.o
                0x1fff0200                . = ALIGN (0x200)
 *fill*         0x1fff01c4       0x3c 
                0x1fff0200                USB_RAM_START = .
                0x1fff0a00                . = (. + USB_RAM_GAP)
 *fill*         0x1fff0200      0x800 
 *(COMMON)
                0x1fff0a00                . = ALIGN (0x4)
                0x1fff0a00                __bss_end__ = .
                0x1fff0a00                __END_BSS = .

.heap           0x20000000      0x400
                0x20000000                . = ALIGN (0x8)
                0x20000000                __end__ = .
                0x20000000                PROVIDE (end, .)
                0x20000000                __HeapBase = .
                0x20000400                . = (. + HEAP_SIZE)
 *fill*         0x20000000      0x400 
                0x20000400                __HeapLimit = .
                0x20000400                __heap_limit = .

.stack          0x20000400      0x400
                0x20000400                . = ALIGN (0x8)
                0x20000800                . = (. + STACK_SIZE)
 *fill*         0x20000400      0x400 

m_usb_bdt       0x1fff0200        0x0
 *(m_usb_bdt)
                0x1fff0200                USB_RAM_BDT_END = .

m_usb_global
 *(m_usb_global)
                0x20030000                __StackTop = (ORIGIN (m_data_2) + 0x30000)
                0x2002fc00                __StackLimit = (__StackTop - STACK_SIZE)
                0x20030000                PROVIDE (__stack, __StackTop)

.ARM.attributes
                0x00000000       0x30
 *(.ARM.attributes)
 .ARM.attributes
                0x00000000       0x22 c:/freescale/kds_v3/toolchain/bin/../lib/gcc/arm-none-eabi/4.8.4/armv7e-m/fpu/crti.o
 .ARM.attributes
                0x00000022       0x34 c:/freescale/kds_v3/toolchain/bin/../lib/gcc/arm-none-eabi/4.8.4/armv7e-m/fpu/crtbegin.o
 .ARM.attributes
                0x00000056       0x20 c:/freescale/kds_v3/toolchain/bin/../lib/gcc/arm-none-eabi/4.8.4/../../../../arm-none-eabi/lib/armv7e-m/fpu/crt0.o
 .ARM.attributes
                0x00000076       0x39 ./utilities/fsl_debug_console.o
 .ARM.attributes
                0x000000af       0x1f ./startup/startup_MK82F25615.o
 .ARM.attributes
                0x000000ce       0x39 ./startup/system_MK82F25615.o
 .ARM.attributes
                0x00000107       0x39 ./sources/main.o
 .ARM.attributes
                0x00000140       0x39 ./drivers/fsl_clock.o
 .ARM.attributes
                0x00000179       0x39 ./drivers/fsl_common.o
 .ARM.attributes
                0x000001b2       0x39 ./drivers/fsl_dspi.o
 .ARM.attributes
                0x000001eb       0x39 ./drivers/fsl_edma.o
 .ARM.attributes
                0x00000224       0x39 ./drivers/fsl_flexio.o
 .ARM.attributes
                0x0000025d       0x39 ./drivers/fsl_flexio_i2c_master.o
 .ARM.attributes
                0x00000296       0x39 ./drivers/fsl_i2c.o
 .ARM.attributes
                0x000002cf       0x39 ./drivers/fsl_lpuart.o
 .ARM.attributes
                0x00000308       0x39 ./drivers/fsl_sai.o
 .ARM.attributes
                0x00000341       0x39 ./drivers/fsl_sdhc.o
 .ARM.attributes
                0x0000037a       0x39 ./board/board.o
 .ARM.attributes
                0x000003b3       0x39 ./board/clock_config.o
 .ARM.attributes
                0x000003ec       0x39 ./board/pin_mux.o
 .ARM.attributes
                0x00000425       0x34 c:/freescale/kds_v3/toolchain/bin/../lib/gcc/arm-none-eabi/4.8.4/../../../../arm-none-eabi/lib/armv7e-m/fpu\libm.a(lib_a-s_modf.o)
 .ARM.attributes
                0x00000459       0x34 c:/freescale/kds_v3/toolchain/bin/../lib/gcc/arm-none-eabi/4.8.4/../../../../arm-none-eabi/lib/armv7e-m/fpu\libm.a(lib_a-w_pow.o)
 .ARM.attributes
                0x0000048d       0x34 c:/freescale/kds_v3/toolchain/bin/../lib/gcc/arm-none-eabi/4.8.4/../../../../arm-none-eabi/lib/armv7e-m/fpu\libm.a(lib_a-e_pow.o)
 .ARM.attributes
                0x000004c1       0x34 c:/freescale/kds_v3/toolchain/bin/../lib/gcc/arm-none-eabi/4.8.4/../../../../arm-none-eabi/lib/armv7e-m/fpu\libm.a(lib_a-e_sqrt.o)
 .ARM.attributes
                0x000004f5       0x34 c:/freescale/kds_v3/toolchain/bin/../lib/gcc/arm-none-eabi/4.8.4/../../../../arm-none-eabi/lib/armv7e-m/fpu\libm.a(lib_a-s_fabs.o)
 .ARM.attributes
                0x00000529       0x34 c:/freescale/kds_v3/toolchain/bin/../lib/gcc/arm-none-eabi/4.8.4/../../../../arm-none-eabi/lib/armv7e-m/fpu\libm.a(lib_a-s_finite.o)
 .ARM.attributes
                0x0000055d       0x34 c:/freescale/kds_v3/toolchain/bin/../lib/gcc/arm-none-eabi/4.8.4/../../../../arm-none-eabi/lib/armv7e-m/fpu\libm.a(lib_a-s_fpclassify.o)
 .ARM.attributes
                0x00000591       0x34 c:/freescale/kds_v3/toolchain/bin/../lib/gcc/arm-none-eabi/4.8.4/../../../../arm-none-eabi/lib/armv7e-m/fpu\libm.a(lib_a-s_lib_ver.o)
 .ARM.attributes
                0x000005c5       0x34 c:/freescale/kds_v3/toolchain/bin/../lib/gcc/arm-none-eabi/4.8.4/../../../../arm-none-eabi/lib/armv7e-m/fpu\libm.a(lib_a-s_matherr.o)
 .ARM.attributes
                0x000005f9       0x34 c:/freescale/kds_v3/toolchain/bin/../lib/gcc/arm-none-eabi/4.8.4/../../../../arm-none-eabi/lib/armv7e-m/fpu\libm.a(lib_a-s_nan.o)
 .ARM.attributes
                0x0000062d       0x34 c:/freescale/kds_v3/toolchain/bin/../lib/gcc/arm-none-eabi/4.8.4/../../../../arm-none-eabi/lib/armv7e-m/fpu\libm.a(lib_a-s_rint.o)
 .ARM.attributes
                0x00000661       0x34 c:/freescale/kds_v3/toolchain/bin/../lib/gcc/arm-none-eabi/4.8.4/../../../../arm-none-eabi/lib/armv7e-m/fpu\libm.a(lib_a-s_scalbn.o)
 .ARM.attributes
                0x00000695       0x34 c:/freescale/kds_v3/toolchain/bin/../lib/gcc/arm-none-eabi/4.8.4/../../../../arm-none-eabi/lib/armv7e-m/fpu\libm.a(lib_a-s_copysign.o)
 .ARM.attributes
                0x000006c9       0x34 c:/freescale/kds_v3/toolchain/bin/../lib/gcc/arm-none-eabi/4.8.4/../../../../arm-none-eabi/lib/armv7e-m/fpu\libg_s.a(lib_a-errno.o)
 .ARM.attributes
                0x000006fd       0x34 c:/freescale/kds_v3/toolchain/bin/../lib/gcc/arm-none-eabi/4.8.4/../../../../arm-none-eabi/lib/armv7e-m/fpu\libg_s.a(lib_a-exit.o)
 .ARM.attributes
                0x00000731       0x34 c:/freescale/kds_v3/toolchain/bin/../lib/gcc/arm-none-eabi/4.8.4/../../../../arm-none-eabi/lib/armv7e-m/fpu\libg_s.a(lib_a-impure.o)
 .ARM.attributes
                0x00000765       0x34 c:/freescale/kds_v3/toolchain/bin/../lib/gcc/arm-none-eabi/4.8.4/../../../../arm-none-eabi/lib/armv7e-m/fpu\libg_s.a(lib_a-init.o)
 .ARM.attributes
                0x00000799       0x34 c:/freescale/kds_v3/toolchain/bin/../lib/gcc/arm-none-eabi/4.8.4/../../../../arm-none-eabi/lib/armv7e-m/fpu\libg_s.a(lib_a-memset.o)
 .ARM.attributes
                0x000007cd       0x34 c:/freescale/kds_v3/toolchain/bin/../lib/gcc/arm-none-eabi/4.8.4/../../../../arm-none-eabi/lib/armv7e-m/fpu\libg_s.a(lib_a-strlen.o)
 .ARM.attributes
                0x00000801       0x22 c:/freescale/kds_v3/toolchain/bin/../lib/gcc/arm-none-eabi/4.8.4/armv7e-m/fpu\libgcc.a(_arm_addsubdf3.o)
 .ARM.attributes
                0x00000823       0x22 c:/freescale/kds_v3/toolchain/bin/../lib/gcc/arm-none-eabi/4.8.4/armv7e-m/fpu\libgcc.a(_arm_muldivdf3.o)
 .ARM.attributes
                0x00000845       0x22 c:/freescale/kds_v3/toolchain/bin/../lib/gcc/arm-none-eabi/4.8.4/armv7e-m/fpu\libgcc.a(_arm_cmpdf2.o)
 .ARM.attributes
                0x00000867       0x22 c:/freescale/kds_v3/toolchain/bin/../lib/gcc/arm-none-eabi/4.8.4/armv7e-m/fpu\libgcc.a(_arm_fixdfsi.o)
 .ARM.attributes
                0x00000889       0x22 c:/freescale/kds_v3/toolchain/bin/../lib/gcc/arm-none-eabi/4.8.4/armv7e-m/fpu\libgcc.a(_arm_fixunsdfsi.o)
 .ARM.attributes
                0x000008ab       0x22 c:/freescale/kds_v3/toolchain/bin/../lib/gcc/arm-none-eabi/4.8.4/armv7e-m/fpu\libgcc.a(_aeabi_ldivmod.o)
 .ARM.attributes
                0x000008cd       0x22 c:/freescale/kds_v3/toolchain/bin/../lib/gcc/arm-none-eabi/4.8.4/armv7e-m/fpu\libgcc.a(_aeabi_uldivmod.o)
 .ARM.attributes
                0x000008ef       0x34 c:/freescale/kds_v3/toolchain/bin/../lib/gcc/arm-none-eabi/4.8.4/armv7e-m/fpu\libgcc.a(_fixdfdi.o)
 .ARM.attributes
                0x00000923       0x34 c:/freescale/kds_v3/toolchain/bin/../lib/gcc/arm-none-eabi/4.8.4/armv7e-m/fpu\libgcc.a(_fixunsdfdi.o)
 .ARM.attributes
                0x00000957       0x34 c:/freescale/kds_v3/toolchain/bin/../lib/gcc/arm-none-eabi/4.8.4/armv7e-m/fpu\libgcc.a(bpabi.o)
 .ARM.attributes
                0x0000098b       0x22 c:/freescale/kds_v3/toolchain/bin/../lib/gcc/arm-none-eabi/4.8.4/armv7e-m/fpu\libgcc.a(_dvmd_tls.o)
 .ARM.attributes
                0x000009ad       0x34 c:/freescale/kds_v3/toolchain/bin/../lib/gcc/arm-none-eabi/4.8.4/armv7e-m/fpu\libgcc.a(_divdi3.o)
 .ARM.attributes
                0x000009e1       0x34 c:/freescale/kds_v3/toolchain/bin/../lib/gcc/arm-none-eabi/4.8.4/armv7e-m/fpu\libgcc.a(_udivdi3.o)
 .ARM.attributes
                0x00000a15       0x34 c:/freescale/kds_v3/toolchain/bin/../lib/gcc/arm-none-eabi/4.8.4/../../../../arm-none-eabi/lib/armv7e-m/fpu\libnosys.a(_exit.o)
 .ARM.attributes
                0x00000a49       0x34 c:/freescale/kds_v3/toolchain/bin/../lib/gcc/arm-none-eabi/4.8.4/armv7e-m/fpu/crtend.o
 .ARM.attributes
                0x00000a7d       0x22 c:/freescale/kds_v3/toolchain/bin/../lib/gcc/arm-none-eabi/4.8.4/armv7e-m/fpu/crtn.o
                0x00000001                ASSERT ((__StackLimit >= __HeapLimit), region m_data_2 overflowed with stack and heap)
OUTPUT(FlexIO_Smart_MK82FN256VLL15.elf elf32-littlearm)

.debug_info     0x00000000    0x1ae59
 .debug_info    0x00000000     0x178c ./utilities/fsl_debug_console.o
 .debug_info    0x0000178c       0xd1 ./startup/startup_MK82F25615.o
 .debug_info    0x0000185d      0x5f2 ./startup/system_MK82F25615.o
 .debug_info    0x00001e4f     0x106c ./sources/main.o
 .debug_info    0x00002ebb     0x25b2 ./drivers/fsl_clock.o
 .debug_info    0x0000546d      0x6c0 ./drivers/fsl_common.o
 .debug_info    0x00005b2d     0x36fa ./drivers/fsl_dspi.o
 .debug_info    0x00009227     0x3077 ./drivers/fsl_edma.o
 .debug_info    0x0000c29e     0x11c6 ./drivers/fsl_flexio.o
 .debug_info    0x0000d464     0x255f ./drivers/fsl_flexio_i2c_master.o
 .debug_info    0x0000f9c3     0x27d3 ./drivers/fsl_i2c.o
 .debug_info    0x00012196     0x1fde ./drivers/fsl_lpuart.o
 .debug_info    0x00014174     0x2631 ./drivers/fsl_sai.o
 .debug_info    0x000167a5     0x2fa5 ./drivers/fsl_sdhc.o
 .debug_info    0x0001974a      0x3ce ./board/board.o
 .debug_info    0x00019b18      0xbab ./board/clock_config.o
 .debug_info    0x0001a6c3      0x796 ./board/pin_mux.o

.debug_abbrev   0x00000000     0x34e1
 .debug_abbrev  0x00000000      0x380 ./utilities/fsl_debug_console.o
 .debug_abbrev  0x00000380       0x14 ./startup/startup_MK82F25615.o
 .debug_abbrev  0x00000394      0x117 ./startup/system_MK82F25615.o
 .debug_abbrev  0x000004ab      0x33b ./sources/main.o
 .debug_abbrev  0x000007e6      0x475 ./drivers/fsl_clock.o
 .debug_abbrev  0x00000c5b      0x18e ./drivers/fsl_common.o
 .debug_abbrev  0x00000de9      0x4aa ./drivers/fsl_dspi.o
 .debug_abbrev  0x00001293      0x469 ./drivers/fsl_edma.o
 .debug_abbrev  0x000016fc      0x2d0 ./drivers/fsl_flexio.o
 .debug_abbrev  0x000019cc      0x3fd ./drivers/fsl_flexio_i2c_master.o
 .debug_abbrev  0x00001dc9      0x496 ./drivers/fsl_i2c.o
 .debug_abbrev  0x0000225f      0x409 ./drivers/fsl_lpuart.o
 .debug_abbrev  0x00002668      0x44f ./drivers/fsl_sai.o
 .debug_abbrev  0x00002ab7      0x411 ./drivers/fsl_sdhc.o
 .debug_abbrev  0x00002ec8      0x17a ./board/board.o
 .debug_abbrev  0x00003042      0x247 ./board/clock_config.o
 .debug_abbrev  0x00003289      0x258 ./board/pin_mux.o

.debug_loc      0x00000000     0xf4b8
 .debug_loc     0x00000000     0x21e6 ./utilities/fsl_debug_console.o
 .debug_loc     0x000021e6       0x9b ./startup/system_MK82F25615.o
 .debug_loc     0x00002281      0x1b4 ./sources/main.o
 .debug_loc     0x00002435     0x1141 ./drivers/fsl_clock.o
 .debug_loc     0x00003576       0xc9 ./drivers/fsl_common.o
 .debug_loc     0x0000363f     0x216f ./drivers/fsl_dspi.o
 .debug_loc     0x000057ae     0x1c9b ./drivers/fsl_edma.o
 .debug_loc     0x00007449      0x563 ./drivers/fsl_flexio.o
 .debug_loc     0x000079ac     0x120f ./drivers/fsl_flexio_i2c_master.o
 .debug_loc     0x00008bbb     0x1c5c ./drivers/fsl_i2c.o
 .debug_loc     0x0000a817     0x15fd ./drivers/fsl_lpuart.o
 .debug_loc     0x0000be14     0x196a ./drivers/fsl_sai.o
 .debug_loc     0x0000d77e     0x1cf4 ./drivers/fsl_sdhc.o
 .debug_loc     0x0000f472       0x1e ./board/board.o
 .debug_loc     0x0000f490       0x28 ./board/pin_mux.o

.debug_aranges  0x00000000      0xc68
 .debug_aranges
                0x00000000       0x60 ./utilities/fsl_debug_console.o
 .debug_aranges
                0x00000060       0x20 ./startup/startup_MK82F25615.o
 .debug_aranges
                0x00000080       0x28 ./startup/system_MK82F25615.o
 .debug_aranges
                0x000000a8       0x60 ./sources/main.o
 .debug_aranges
                0x00000108      0x1b0 ./drivers/fsl_clock.o
 .debug_aranges
                0x000002b8       0x28 ./drivers/fsl_common.o
 .debug_aranges
                0x000002e0      0x110 ./drivers/fsl_dspi.o
 .debug_aranges
                0x000003f0      0x290 ./drivers/fsl_edma.o
 .debug_aranges
                0x00000680       0x80 ./drivers/fsl_flexio.o
 .debug_aranges
                0x00000700       0xc0 ./drivers/fsl_flexio_i2c_master.o
 .debug_aranges
                0x000007c0      0x138 ./drivers/fsl_i2c.o
 .debug_aranges
                0x000008f8      0x128 ./drivers/fsl_lpuart.o
 .debug_aranges
                0x00000a20      0x110 ./drivers/fsl_sai.o
 .debug_aranges
                0x00000b30       0xc0 ./drivers/fsl_sdhc.o
 .debug_aranges
                0x00000bf0       0x20 ./board/board.o
 .debug_aranges
                0x00000c10       0x30 ./board/clock_config.o
 .debug_aranges
                0x00000c40       0x28 ./board/pin_mux.o

.debug_ranges   0x00000000     0x12d0
 .debug_ranges  0x00000000       0xf0 ./utilities/fsl_debug_console.o
 .debug_ranges  0x000000f0       0x18 ./startup/system_MK82F25615.o
 .debug_ranges  0x00000108       0x70 ./sources/main.o
 .debug_ranges  0x00000178      0x208 ./drivers/fsl_clock.o
 .debug_ranges  0x00000380       0x18 ./drivers/fsl_common.o
 .debug_ranges  0x00000398      0x318 ./drivers/fsl_dspi.o
 .debug_ranges  0x000006b0      0x2b0 ./drivers/fsl_edma.o
 .debug_ranges  0x00000960       0x88 ./drivers/fsl_flexio.o
 .debug_ranges  0x000009e8      0x280 ./drivers/fsl_flexio_i2c_master.o
 .debug_ranges  0x00000c68      0x1a0 ./drivers/fsl_i2c.o
 .debug_ranges  0x00000e08      0x130 ./drivers/fsl_lpuart.o
 .debug_ranges  0x00000f38      0x190 ./drivers/fsl_sai.o
 .debug_ranges  0x000010c8      0x148 ./drivers/fsl_sdhc.o
 .debug_ranges  0x00001210       0x28 ./board/board.o
 .debug_ranges  0x00001238       0x80 ./board/clock_config.o
 .debug_ranges  0x000012b8       0x18 ./board/pin_mux.o

.debug_line     0x00000000     0x5ba4
 .debug_line    0x00000000      0x64c ./utilities/fsl_debug_console.o
 .debug_line    0x0000064c      0x16b ./startup/startup_MK82F25615.o
 .debug_line    0x000007b7      0x16e ./startup/system_MK82F25615.o
 .debug_line    0x00000925      0x395 ./sources/main.o
 .debug_line    0x00000cba      0x8b6 ./drivers/fsl_clock.o
 .debug_line    0x00001570      0x20f ./drivers/fsl_common.o
 .debug_line    0x0000177f      0xbc1 ./drivers/fsl_dspi.o
 .debug_line    0x00002340      0xadd ./drivers/fsl_edma.o
 .debug_line    0x00002e1d      0x335 ./drivers/fsl_flexio.o
 .debug_line    0x00003152      0x704 ./drivers/fsl_flexio_i2c_master.o
 .debug_line    0x00003856      0x848 ./drivers/fsl_i2c.o
 .debug_line    0x0000409e      0x6cc ./drivers/fsl_lpuart.o
 .debug_line    0x0000476a      0x6cd ./drivers/fsl_sai.o
 .debug_line    0x00004e37      0x729 ./drivers/fsl_sdhc.o
 .debug_line    0x00005560      0x1e8 ./board/board.o
 .debug_line    0x00005748      0x26c ./board/clock_config.o
 .debug_line    0x000059b4      0x1f0 ./board/pin_mux.o

.debug_str      0x00000000     0xa4e5
 .debug_str     0x00000000      0xcd5 ./utilities/fsl_debug_console.o
                                0xdae (size before relaxing)
 .debug_str     0x00000cd5      0x232 ./startup/system_MK82F25615.o
                                0x44e (size before relaxing)
 .debug_str     0x00000f07      0x61d ./sources/main.o
                                0xd47 (size before relaxing)
 .debug_str     0x00001524     0x147a ./drivers/fsl_clock.o
                               0x1c40 (size before relaxing)
 .debug_str     0x0000299e      0x748 ./drivers/fsl_common.o
                                0xa15 (size before relaxing)
 .debug_str     0x000030e6     0x120c ./drivers/fsl_dspi.o
                               0x22a0 (size before relaxing)
 .debug_str     0x000042f2     0x11e4 ./drivers/fsl_edma.o
                               0x1fbe (size before relaxing)
 .debug_str     0x000054d6     0x118d ./drivers/fsl_flexio.o
                               0x1cad (size before relaxing)
 .debug_str     0x00006663      0x5b2 ./drivers/fsl_flexio_i2c_master.o
                               0x26bf (size before relaxing)
 .debug_str     0x00006c15      0x8ea ./drivers/fsl_i2c.o
                               0x1cd0 (size before relaxing)
 .debug_str     0x000074ff      0xb24 ./drivers/fsl_lpuart.o
                               0x1de3 (size before relaxing)
 .debug_str     0x00008023      0x9d7 ./drivers/fsl_sai.o
                               0x1b1a (size before relaxing)
 .debug_str     0x000089fa     0x1501 ./drivers/fsl_sdhc.o
                               0x2633 (size before relaxing)
 .debug_str     0x00009efb       0x79 ./board/board.o
                                0x3f7 (size before relaxing)
 .debug_str     0x00009f74      0x33e ./board/clock_config.o
                                0xdc8 (size before relaxing)
 .debug_str     0x0000a2b2      0x233 ./board/pin_mux.o
                                0x7c6 (size before relaxing)

.comment        0x00000000       0x70
 .comment       0x00000000       0x70 ./utilities/fsl_debug_console.o
                                 0x71 (size before relaxing)
 .comment       0x00000000       0x71 ./startup/system_MK82F25615.o
 .comment       0x00000000       0x71 ./sources/main.o
 .comment       0x00000000       0x71 ./drivers/fsl_clock.o
 .comment       0x00000000       0x71 ./drivers/fsl_common.o
 .comment       0x00000000       0x71 ./drivers/fsl_dspi.o
 .comment       0x00000000       0x71 ./drivers/fsl_edma.o
 .comment       0x00000000       0x71 ./drivers/fsl_flexio.o
 .comment       0x00000000       0x71 ./drivers/fsl_flexio_i2c_master.o
 .comment       0x00000000       0x71 ./drivers/fsl_i2c.o
 .comment       0x00000000       0x71 ./drivers/fsl_lpuart.o
 .comment       0x00000000       0x71 ./drivers/fsl_sai.o
 .comment       0x00000000       0x71 ./drivers/fsl_sdhc.o
 .comment       0x00000000       0x71 ./board/board.o
 .comment       0x00000000       0x71 ./board/clock_config.o
 .comment       0x00000000       0x71 ./board/pin_mux.o

.debug_frame    0x00000000     0x2510
 .debug_frame   0x00000000      0x12c ./utilities/fsl_debug_console.o
 .debug_frame   0x0000012c       0x30 ./startup/system_MK82F25615.o
 .debug_frame   0x0000015c       0xec ./sources/main.o
 .debug_frame   0x00000248      0x4a4 ./drivers/fsl_clock.o
 .debug_frame   0x000006ec       0x48 ./drivers/fsl_common.o
 .debug_frame   0x00000734      0x31c ./drivers/fsl_dspi.o
 .debug_frame   0x00000a50      0x6a4 ./drivers/fsl_edma.o
 .debug_frame   0x000010f4      0x128 ./drivers/fsl_flexio.o
 .debug_frame   0x0000121c      0x210 ./drivers/fsl_flexio_i2c_master.o
 .debug_frame   0x0000142c      0x370 ./drivers/fsl_i2c.o
 .debug_frame   0x0000179c      0x328 ./drivers/fsl_lpuart.o
 .debug_frame   0x00001ac4      0x33c ./drivers/fsl_sai.o
 .debug_frame   0x00001e00      0x258 ./drivers/fsl_sdhc.o
 .debug_frame   0x00002058       0x28 ./board/board.o
 .debug_frame   0x00002080       0x58 ./board/clock_config.o
 .debug_frame   0x000020d8       0x38 ./board/pin_mux.o
 .debug_frame   0x00002110       0x30 c:/freescale/kds_v3/toolchain/bin/../lib/gcc/arm-none-eabi/4.8.4/../../../../arm-none-eabi/lib/armv7e-m/fpu\libm.a(lib_a-s_modf.o)
 .debug_frame   0x00002140       0x40 c:/freescale/kds_v3/toolchain/bin/../lib/gcc/arm-none-eabi/4.8.4/../../../../arm-none-eabi/lib/armv7e-m/fpu\libm.a(lib_a-w_pow.o)
 .debug_frame   0x00002180       0x44 c:/freescale/kds_v3/toolchain/bin/../lib/gcc/arm-none-eabi/4.8.4/../../../../arm-none-eabi/lib/armv7e-m/fpu\libm.a(lib_a-e_pow.o)
 .debug_frame   0x000021c4       0x3c c:/freescale/kds_v3/toolchain/bin/../lib/gcc/arm-none-eabi/4.8.4/../../../../arm-none-eabi/lib/armv7e-m/fpu\libm.a(lib_a-e_sqrt.o)
 .debug_frame   0x00002200       0x20 c:/freescale/kds_v3/toolchain/bin/../lib/gcc/arm-none-eabi/4.8.4/../../../../arm-none-eabi/lib/armv7e-m/fpu\libm.a(lib_a-s_fabs.o)
 .debug_frame   0x00002220       0x20 c:/freescale/kds_v3/toolchain/bin/../lib/gcc/arm-none-eabi/4.8.4/../../../../arm-none-eabi/lib/armv7e-m/fpu\libm.a(lib_a-s_finite.o)
 .debug_frame   0x00002240       0x28 c:/freescale/kds_v3/toolchain/bin/../lib/gcc/arm-none-eabi/4.8.4/../../../../arm-none-eabi/lib/armv7e-m/fpu\libm.a(lib_a-s_fpclassify.o)
 .debug_frame   0x00002268       0x20 c:/freescale/kds_v3/toolchain/bin/../lib/gcc/arm-none-eabi/4.8.4/../../../../arm-none-eabi/lib/armv7e-m/fpu\libm.a(lib_a-s_matherr.o)
 .debug_frame   0x00002288       0x20 c:/freescale/kds_v3/toolchain/bin/../lib/gcc/arm-none-eabi/4.8.4/../../../../arm-none-eabi/lib/armv7e-m/fpu\libm.a(lib_a-s_nan.o)
 .debug_frame   0x000022a8       0x30 c:/freescale/kds_v3/toolchain/bin/../lib/gcc/arm-none-eabi/4.8.4/../../../../arm-none-eabi/lib/armv7e-m/fpu\libm.a(lib_a-s_rint.o)
 .debug_frame   0x000022d8       0x2c c:/freescale/kds_v3/toolchain/bin/../lib/gcc/arm-none-eabi/4.8.4/../../../../arm-none-eabi/lib/armv7e-m/fpu\libm.a(lib_a-s_scalbn.o)
 .debug_frame   0x00002304       0x28 c:/freescale/kds_v3/toolchain/bin/../lib/gcc/arm-none-eabi/4.8.4/../../../../arm-none-eabi/lib/armv7e-m/fpu\libm.a(lib_a-s_copysign.o)
 .debug_frame   0x0000232c       0x20 c:/freescale/kds_v3/toolchain/bin/../lib/gcc/arm-none-eabi/4.8.4/../../../../arm-none-eabi/lib/armv7e-m/fpu\libg_s.a(lib_a-errno.o)
 .debug_frame   0x0000234c       0x28 c:/freescale/kds_v3/toolchain/bin/../lib/gcc/arm-none-eabi/4.8.4/../../../../arm-none-eabi/lib/armv7e-m/fpu\libg_s.a(lib_a-exit.o)
 .debug_frame   0x00002374       0x2c c:/freescale/kds_v3/toolchain/bin/../lib/gcc/arm-none-eabi/4.8.4/../../../../arm-none-eabi/lib/armv7e-m/fpu\libg_s.a(lib_a-init.o)
 .debug_frame   0x000023a0       0x20 c:/freescale/kds_v3/toolchain/bin/../lib/gcc/arm-none-eabi/4.8.4/../../../../arm-none-eabi/lib/armv7e-m/fpu\libg_s.a(lib_a-memset.o)
 .debug_frame   0x000023c0       0x20 c:/freescale/kds_v3/toolchain/bin/../lib/gcc/arm-none-eabi/4.8.4/../../../../arm-none-eabi/lib/armv7e-m/fpu\libg_s.a(lib_a-strlen.o)
 .debug_frame   0x000023e0       0x2c c:/freescale/kds_v3/toolchain/bin/../lib/gcc/arm-none-eabi/4.8.4/armv7e-m/fpu\libgcc.a(_fixdfdi.o)
 .debug_frame   0x0000240c       0x2c c:/freescale/kds_v3/toolchain/bin/../lib/gcc/arm-none-eabi/4.8.4/armv7e-m/fpu\libgcc.a(_fixunsdfdi.o)
 .debug_frame   0x00002438       0x50 c:/freescale/kds_v3/toolchain/bin/../lib/gcc/arm-none-eabi/4.8.4/armv7e-m/fpu\libgcc.a(bpabi.o)
 .debug_frame   0x00002488       0x34 c:/freescale/kds_v3/toolchain/bin/../lib/gcc/arm-none-eabi/4.8.4/armv7e-m/fpu\libgcc.a(_divdi3.o)
 .debug_frame   0x000024bc       0x34 c:/freescale/kds_v3/toolchain/bin/../lib/gcc/arm-none-eabi/4.8.4/armv7e-m/fpu\libgcc.a(_udivdi3.o)
 .debug_frame   0x000024f0       0x20 c:/freescale/kds_v3/toolchain/bin/../lib/gcc/arm-none-eabi/4.8.4/../../../../arm-none-eabi/lib/armv7e-m/fpu\libnosys.a(_exit.o)
